# serializer version: 1
# name: test_create
  LaMarzoccoGrinder(
    bluetooth_connected=False,
    cloud_client=LaMarzoccoCloudClient(
      password='password',
      username='username',
    ),
    config=LaMarzoccoGrinderConfig(turned_on=True, doses={<PhysicalKey.A: 1>: 5.3, <PhysicalKey.B: 2>: 10.3}, led_enabled=True, bell_opened=True, stand_by_time=10),
    firmware=dict({
      <FirmwareType.GATEWAY: 'gateway'>: LaMarzoccoFirmware(current_version='v3.2-rc9', latest_version='v3.2-rc9'),
      <FirmwareType.MACHINE: 'machine'>: LaMarzoccoFirmware(current_version='1.17', latest_version='1.17'),
    }),
    model=<GrinderModel.PICO: 'Pico'>,
    name='MyMachine',
    serial_number='G00000000000',
    statistics=None,
  )
# ---
